# 服务器虚拟卷

---

#### 名词解释

* Cylinder: 柱面数,表示硬盘每一面盘片上有几条磁道.
* Sectors: 表示每一条磁道上有几个扇区
* Heads: 磁头数,表示硬盘总共有几个磁头,也就是有几面盘片.

### fdisk

**检查我们的分区表**

```shell
[root@iZ944l0t308Z ~]# fdisk -l

Disk /dev/xvda: 21.5 GB, 21474836480 bytes, 41943040 sectors
Units = sectors of 1 * 512 = 512 bytes
Sector size (logical/physical): 512 bytes / 512 bytes
I/O size (minimum/optimal): 512 bytes / 512 bytes
Disk label type: dos
Disk identifier: 0x0009e68a

    Device Boot      Start         End      Blocks   Id  System
/dev/xvda1   *        2048    41943039    20970496   83  Linux

Disk /dev/xvdb: 107.4 GB, 107374182400 bytes, 209715200 sectors
Units = sectors of 1 * 512 = 512 bytes
Sector size (logical/physical): 512 bytes / 512 bytes
I/O size (minimum/optimal): 512 bytes / 512 bytes


Disk /dev/xvdc: 21.5 GB, 21474836480 bytes, 41943040 sectors
Units = sectors of 1 * 512 = 512 bytes
Sector size (logical/physical): 512 bytes / 512 bytes
I/O size (minimum/optimal): 512 bytes / 512 bytes
```

**创建分区**

我们为`/dev/xvdb`创建3个分区

1. 30G
2. 30G
3. 剩下所有

并且使用`t`修改分区类型为`8e`为`Linux LVM`

```shell
Command (m for help): p

Disk /dev/xvdb: 107.4 GB, 107374182400 bytes, 209715200 sectors
Units = sectors of 1 * 512 = 512 bytes
Sector size (logical/physical): 512 bytes / 512 bytes
I/O size (minimum/optimal): 512 bytes / 512 bytes
Disk label type: dos
Disk identifier: 0xa2b8bb77

    Device Boot      Start         End      Blocks   Id  System

Command (m for help): n
Partition type:
   p   primary (0 primary, 0 extended, 4 free)
   e   extended
Select (default p): p
Partition number (1-4, default 1): 1
First sector (2048-209715199, default 2048):
Using default value 2048
Last sector, +sectors or +size{K,M,G} (2048-209715199, default 209715199): +30G
Partition 1 of type Linux and of size 30 GiB is set

Command (m for help): t
Selected partition 1
Hex code (type L to list all codes): 8e
Changed type of partition 'Linux' to 'Linux LVM'

Command (m for help): n
Partition type:
   p   primary (1 primary, 0 extended, 3 free)
   e   extended
Select (default p): p
Partition number (2-4, default 2): 2
First sector (62916608-209715199, default 62916608):
Using default value 62916608
Last sector, +sectors or +size{K,M,G} (62916608-209715199, default 209715199): +30G
Partition 2 of type Linux and of size 30 GiB is set

Command (m for help): t
Partition number (1,2, default 2): 2
Hex code (type L to list all codes): 8e
Changed type of partition 'Linux' to 'Linux LVM'

Command (m for help): n
Partition type:
   p   primary (2 primary, 0 extended, 2 free)
   e   extended
Select (default p): p
Partition number (3,4, default 3): 3
First sector (125831168-209715199, default 125831168):
Using default value 125831168
Last sector, +sectors or +size{K,M,G} (125831168-209715199, default 209715199):
Using default value 209715199
Partition 3 of type Linux and of size 40 GiB is set

Command (m for help): t
Partition number (1-3, default 3):
Hex code (type L to list all codes): 8e
Changed type of partition 'Linux' to 'Linux LVM'

Command (m for help): wq
The partition table has been altered!

Calling ioctl() to re-read partition table.
Syncing disks.
[root@iZ944l0t308Z ~]# fdisk -l

Disk /dev/xvda: 21.5 GB, 21474836480 bytes, 41943040 sectors
Units = sectors of 1 * 512 = 512 bytes
Sector size (logical/physical): 512 bytes / 512 bytes
I/O size (minimum/optimal): 512 bytes / 512 bytes
Disk label type: dos
Disk identifier: 0x0009e68a

    Device Boot      Start         End      Blocks   Id  System
/dev/xvda1   *        2048    41943039    20970496   83  Linux

Disk /dev/xvdb: 107.4 GB, 107374182400 bytes, 209715200 sectors
Units = sectors of 1 * 512 = 512 bytes
Sector size (logical/physical): 512 bytes / 512 bytes
I/O size (minimum/optimal): 512 bytes / 512 bytes
Disk label type: dos
Disk identifier: 0xa2b8bb77

    Device Boot      Start         End      Blocks   Id  System
/dev/xvdb1            2048    62916607    31457280   8e  Linux LVM
/dev/xvdb2        62916608   125831167    31457280   8e  Linux LVM
/dev/xvdb3       125831168   209715199    41942016   8e  Linux LVM

Disk /dev/xvdc: 21.5 GB, 21474836480 bytes, 41943040 sectors
Units = sectors of 1 * 512 = 512 bytes
Sector size (logical/physical): 512 bytes / 512 bytes
I/O size (minimum/optimal): 512 bytes / 512 bytes

[root@iZ944l0t308Z ~]# fdisk -l

Disk /dev/xvda: 21.5 GB, 21474836480 bytes, 41943040 sectors
Units = sectors of 1 * 512 = 512 bytes
Sector size (logical/physical): 512 bytes / 512 bytes
I/O size (minimum/optimal): 512 bytes / 512 bytes
Disk label type: dos
Disk identifier: 0x0009e68a

    Device Boot      Start         End      Blocks   Id  System
/dev/xvda1   *        2048    41943039    20970496   83  Linux

Disk /dev/xvdb: 107.4 GB, 107374182400 bytes, 209715200 sectors
Units = sectors of 1 * 512 = 512 bytes
Sector size (logical/physical): 512 bytes / 512 bytes
I/O size (minimum/optimal): 512 bytes / 512 bytes
Disk label type: dos
Disk identifier: 0xa2b8bb77

    Device Boot      Start         End      Blocks   Id  System
/dev/xvdb1            2048    62916607    31457280   8e  Linux LVM
/dev/xvdb2        62916608   125831167    31457280   8e  Linux LVM
/dev/xvdb3       125831168   209715199    41942016   8e  Linux LVM

Disk /dev/xvdc: 21.5 GB, 21474836480 bytes, 41943040 sectors
Units = sectors of 1 * 512 = 512 bytes
Sector size (logical/physical): 512 bytes / 512 bytes
I/O size (minimum/optimal): 512 bytes / 512 bytes
```

#### 准备物理卷

**准备物理卷**

```shell
[root@iZ944l0t308Z ~]# pvcreate /dev/xvdb1
  Physical volume "/dev/xvdb1" successfully created
[root@iZ944l0t308Z ~]# pvcreate /dev/xvdb2
  Physical volume "/dev/xvdb2" successfully created
[root@iZ944l0t308Z ~]# pvcreate /dev/xvdb3
  Physical volume "/dev/xvdb3" successfully created
[root@iZ944l0t308Z ~]# pvdisplay
  "/dev/xvdb3" is a new physical volume of "40.00 GiB"
  --- NEW Physical volume ---
  PV Name               /dev/xvdb3
  VG Name
  PV Size               40.00 GiB
  Allocatable           NO
  PE Size               0
  Total PE              0
  Free PE               0
  Allocated PE          0
  PV UUID               gksnMr-xEF1-nZ0F-HlR0-1RmP-4rI0-3GxTMX

  "/dev/xvdb1" is a new physical volume of "30.00 GiB"
  --- NEW Physical volume ---
  PV Name               /dev/xvdb1
  VG Name
  PV Size               30.00 GiB
  Allocatable           NO
  PE Size               0
  Total PE              0
  Free PE               0
  Allocated PE          0
  PV UUID               TnnLVc-LysP-K2PH-4XjT-hQRr-0iCj-CGhi18

  "/dev/xvdb2" is a new physical volume of "30.00 GiB"
  --- NEW Physical volume ---
  PV Name               /dev/xvdb2
  VG Name
  PV Size               30.00 GiB
  Allocatable           NO
  PE Size               0
  Total PE              0
  Free PE               0
  Allocated PE          0
  PV UUID               9sbcWC-7Buw-nXbJ-eEP1-0W0L-IuCd-n1TrMV
```

#### 准备卷组(VG)

**创建卷组(`vgcreate`)**

创建名为`test`的卷组, 使用`/dev/xvdb1`.

```shell
[root@iZ944l0t308Z ~]# vgcreate test /dev/xvdb1
  Volume group "test" successfully created
[root@iZ944l0t308Z ~]#  vgs
  VG   #PV #LV #SN Attr   VSize  VFree
  test   1   0   0 wz--n- 30.00g 30.00g
```

**添加卷组(`vgextend`)**

添加新的物理卷到卷组中

```shell
[root@iZ944l0t308Z ~]# vgextend test /dev/xvdb2
  Volume group "test" successfully extended
[root@iZ944l0t308Z ~]# vgs
  VG   #PV #LV #SN Attr   VSize  VFree
  test   2   0   0 wz--n- 59.99g 59.99g
```

可以看见我们添加新的物理卷到卷组中,容量已经扩容.

#### 创建逻辑卷(LV)

**lvcreate**

创建一个名字为`data`的逻辑卷, 从`test`卷组.

```shell
[root@iZ944l0t308Z ~]# lvcreate -L 30G -n data test
  Logical volume "data" created
[root@iZ944l0t308Z ~]# lvdisplay
  --- Logical volume ---
  LV Path                /dev/test/data
  LV Name                data
  VG Name                test
  LV UUID                m7aO2k-2Jdy-UPlW-NMEh-sWPS-s90I-fExDXm
  LV Write Access        read/write
  LV Creation host, time iZ944l0t308Z, 2017-07-07 15:36:16 +0800
  LV Status              available
  # open                 0
  LV Size                30.00 GiB
  Current LE             7680
  Segments               2
  Allocation             inherit
  Read ahead sectors     auto
  - currently set to     256
  Block device           253:0
```

`lvcreate -l`指定大小:

* `xx%VG`: 按照`VG`的百分比
* `xx%FREE`: 按照剩余的百分比
* `xx%PVS`: 按照剩余`PV`的百分比,==还有疑问,怎么用?==.
* `xx%ORIGIN`: 按照原始的逻辑卷百分比,==还有疑问,怎么用?==.

**lvremove**

删除逻辑卷

```shell
[root@iZ944l0t308Z ~]# lvremove /dev/test/data
Do you really want to remove active logical volume data? [y/n]: y
  Logical volume "data" successfully removed
[root@iZ944l0t308Z ~]# lvdisplay
[root@iZ944l0t308Z ~]#
```

**测试`%PV`**

```shell
[root@iZ944l0t308Z ~]# lvcreate -l 30%PVS -n data test
  Logical volume "data" created
[root@iZ944l0t308Z ~]# lvdisplay
  --- Logical volume ---
  LV Path                /dev/test/data
  LV Name                data
  VG Name                test
  LV UUID                xjjiGR-sART-80ur-00oO-qA5y-oUu5-91xftd
  LV Write Access        read/write
  LV Creation host, time iZ944l0t308Z, 2017-07-07 15:51:35 +0800
  LV Status              available
  # open                 0
  LV Size                18.00 GiB
  Current LE             4607
  Segments               1
  Allocation             inherit
  Read ahead sectors     auto
  - currently set to     256
  Block device           253:0

[root@iZ944l0t308Z ~]# pvs
  PV         VG   Fmt  Attr PSize  PFree
  /dev/xvdb1 test lvm2 a--  30.00g 12.00g
  /dev/xvdb2 test lvm2 a--  30.00g 30.00g
  /dev/xvdb3      lvm2 a--  40.00g 40.00g
```

按照属于`VG`的`PV`大小来划分.

#### 格式化和挂载逻辑卷

```shell
[root@iZ944l0t308Z ~]# mkfs.ext4 /dev/test/data
mke2fs 1.42.9 (28-Dec-2013)
Filesystem label=
OS type: Linux
Block size=4096 (log=2)
Fragment size=4096 (log=2)
Stride=0 blocks, Stripe width=0 blocks
1179648 inodes, 4717568 blocks
235878 blocks (5.00%) reserved for the super user
First data block=0
Maximum filesystem blocks=4294967296
144 block groups
32768 blocks per group, 32768 fragments per group
8192 inodes per group
Superblock backups stored on blocks:
	32768, 98304, 163840, 229376, 294912, 819200, 884736, 1605632, 2654208,
	4096000

Allocating group tables: done
Writing inode tables: done
Creating journal (32768 blocks): done
Writing superblocks and filesystem accounting information: done

[root@iZ944l0t308Z ~]# mount /dev/test/data /data
mount: mount point /data does not exist
[root@iZ944l0t308Z ~]# mkdir /data
[root@iZ944l0t308Z ~]# mount /dev/test/data /data
```

#### 测试扩容

**我们现在挂载的目录下创建一个文件**

```shell
[root@iZ944l0t308Z ~]# cd /data/
[root@iZ944l0t308Z data]# ls
lost+found
[root@iZ944l0t308Z data]# touch 1
[root@iZ944l0t308Z data]# echo 222 > 1
[root@iZ944l0t308Z data]# cat 1
222
```

**添加新的`PV`到`VG`**

```shell
[root@iZ944l0t308Z data]# vgs
  VG   #PV #LV #SN Attr   VSize  VFree
  test   3   1   0 wz--n- 99.99g 81.99g
```

**扩容`lv`**

我们可见原来`lv`只有`18G`.

```shell
[root@iZ944l0t308Z data]# lvdisplay
  --- Logical volume ---
  LV Path                /dev/test/data
  LV Name                data
  VG Name                test
  LV UUID                MCMKiW-32Hf-fPTy-i3vY-uWNa-p2Im-yhy21I
  LV Write Access        read/write
  LV Creation host, time iZ944l0t308Z, 2017-07-07 16:10:33 +0800
  LV Status              available
  # open                 1
  LV Size                18.00 GiB
  Current LE             4607
  Segments               1
  Allocation             inherit
  Read ahead sectors     auto
  - currently set to     256
  Block device           253:0
[root@iZ944l0t308Z data]# lvextend -L+10G /dev/test/data
  Extending logical volume data to 28.00 GiB
  Logical volume data successfully resized
[root@iZ944l0t308Z data]# lvdisplay
  --- Logical volume ---
  LV Path                /dev/test/data
  LV Name                data
  VG Name                test
  LV UUID                MCMKiW-32Hf-fPTy-i3vY-uWNa-p2Im-yhy21I
  LV Write Access        read/write
  LV Creation host, time iZ944l0t308Z, 2017-07-07 16:10:33 +0800
  LV Status              available
  # open                 1
  LV Size                28.00 GiB
  Current LE             7167
  Segments               1
  Allocation             inherit
  Read ahead sectors     auto
  - currently set to     256
  Block device           253:0
```

扩容后变为`28G`.

**文件系统扩容**

```shell
[root@iZ944l0t308Z data]# resize2fs /dev/test/data
resize2fs 1.42.9 (28-Dec-2013)
Filesystem at /dev/test/data is mounted on /data; on-line resizing required
old_desc_blocks = 2, new_desc_blocks = 2
The filesystem on /dev/test/data is now 7339008 blocks long.

[root@iZ944l0t308Z data]# df -h
Filesystem             Size  Used Avail Use% Mounted on
/dev/xvda1              20G  1.5G   18G   9% /
devtmpfs               489M     0  489M   0% /dev
tmpfs                  497M     0  497M   0% /dev/shm
tmpfs                  497M  6.5M  490M   2% /run
tmpfs                  497M     0  497M   0% /sys/fs/cgroup
/dev/mapper/test-data   28G   44M   27G   1% /data
[root@iZ944l0t308Z data]# cat /data/
1           lost+found/
[root@iZ944l0t308Z data]# cat /data/1
222
```

扩容后文件正常

#### 把另外一块硬盘也扩容进当前VG组

**fdisk 硬盘**

```shell
[root@iZ944l0t308Z data]# fdisk /dev/xvdc
Welcome to fdisk (util-linux 2.23.2).

Changes will remain in memory only, until you decide to write them.
Be careful before using the write command.

Device does not contain a recognized partition table
Building a new DOS disklabel with disk identifier 0x1321e724.

Command (m for help): n
Partition type:
   p   primary (0 primary, 0 extended, 4 free)
   e   extended
Select (default p): p
Partition number (1-4, default 1):
First sector (2048-41943039, default 2048):
Using default value 2048
Last sector, +sectors or +size{K,M,G} (2048-41943039, default 41943039):
Using default value 41943039
Partition 1 of type Linux and of size 20 GiB is set

Command (m for help): t
Selected partition 1
Hex code (type L to list all codes): 8e
Changed type of partition 'Linux' to 'Linux LVM'

Command (m for help): wq
The partition table has been altered!

Calling ioctl() to re-read partition table.
Syncing disks.
[root@iZ944l0t308Z data]# fdisk -l

Disk /dev/xvda: 21.5 GB, 21474836480 bytes, 41943040 sectors
Units = sectors of 1 * 512 = 512 bytes
Sector size (logical/physical): 512 bytes / 512 bytes
I/O size (minimum/optimal): 512 bytes / 512 bytes
Disk label type: dos
Disk identifier: 0x0009e68a

    Device Boot      Start         End      Blocks   Id  System
/dev/xvda1   *        2048    41943039    20970496   83  Linux

Disk /dev/xvdb: 107.4 GB, 107374182400 bytes, 209715200 sectors
Units = sectors of 1 * 512 = 512 bytes
Sector size (logical/physical): 512 bytes / 512 bytes
I/O size (minimum/optimal): 512 bytes / 512 bytes
Disk label type: dos
Disk identifier: 0xa2b8bb77

    Device Boot      Start         End      Blocks   Id  System
/dev/xvdb1            2048    62916607    31457280   8e  Linux LVM
/dev/xvdb2        62916608   125831167    31457280   8e  Linux LVM
/dev/xvdb3       125831168   209715199    41942016   8e  Linux LVM

Disk /dev/xvdc: 21.5 GB, 21474836480 bytes, 41943040 sectors
Units = sectors of 1 * 512 = 512 bytes
Sector size (logical/physical): 512 bytes / 512 bytes
I/O size (minimum/optimal): 512 bytes / 512 bytes
Disk label type: dos
Disk identifier: 0x1321e724

    Device Boot      Start         End      Blocks   Id  System
/dev/xvdc1            2048    41943039    20970496   8e  Linux LVM

Disk /dev/mapper/test-data: 30.1 GB, 30060576768 bytes, 58712064 sectors
Units = sectors of 1 * 512 = 512 bytes
Sector size (logical/physical): 512 bytes / 512 bytes
I/O size (minimum/optimal): 512 bytes / 512 bytes
```

**制作逻辑卷**

```shell
[root@iZ944l0t308Z data]# pvcreate /dev/xvdc1
  Physical volume "/dev/xvdc1" successfully created
  
# 该命令是因为我之前添加进去了,为了表现vg扩容前后的不同我先删除了,再次添加pv进去
[root@iZ944l0t308Z data]# vgreduce test /dev/xvdc1
  Removed "/dev/xvdc1" from volume group "test"
[root@iZ944l0t308Z data]# vgs
  VG   #PV #LV #SN Attr   VSize  VFree
  test   3   1   0 wz--n- 99.99g 71.99g
[root@iZ944l0t308Z data]# vgextend test /dev/xvdc1
  Volume group "test" successfully extended
[root@iZ944l0t308Z data]# vgs
  VG   #PV #LV #SN Attr   VSize   VFree
  test   4   1   0 wz--n- 119.98g 91.99g


[root@iZ944l0t308Z data]# lvs
  LV   VG   Attr       LSize  Pool Origin Data%  Move Log Cpy%Sync Convert
  data test -wi-ao---- 28.00g
[root@iZ944l0t308Z data]# lvextend -l 100%VG /dev/test/data
  Extending logical volume data to 119.98 GiB
  Logical volume data successfully resized
[root@iZ944l0t308Z data]# lvs
  LV   VG   Attr       LSize   Pool Origin Data%  Move Log Cpy%Sync Convert
  data test -wi-ao---- 119.98g
  
[root@iZ944l0t308Z data]# resize2fs /dev/test/data
resize2fs 1.42.9 (28-Dec-2013)
Filesystem at /dev/test/data is mounted on /data; on-line resizing required
old_desc_blocks = 2, new_desc_blocks = 8
The filesystem on /dev/test/data is now 31453184 blocks long.

[root@iZ944l0t308Z data]# df -h
Filesystem             Size  Used Avail Use% Mounted on
/dev/xvda1              20G  1.5G   18G   9% /
devtmpfs               489M     0  489M   0% /dev
tmpfs                  497M     0  497M   0% /dev/shm
tmpfs                  497M  6.5M  490M   2% /run
tmpfs                  497M     0  497M   0% /sys/fs/cgroup
/dev/mapper/test-data  118G   60M  113G   1% /data
```

最后可见我们把两块硬盘合在一起组成一个逻辑卷,挂载到`/data`目录.
