# 阿里云挂载云盘

#### 查看数据盘

首先切换到`root`用户

		su root
		
查看硬盘

		[root@iZ94ebqp9jtZ /]# df -h
		Filesystem      Size  Used Avail Use% Mounted on
		/dev/xvda1       20G  4.5G   15G  24% /
		tmpfs           498M     0  498M   0% /dev/shm
		
		[root@iZ94ebqp9jtZ /]# fdisk -l
		Disk /dev/xvda: 21.5 GB, 21474836480 bytes
		255 heads, 63 sectors/track, 2610 cylinders
		Units = cylinders of 16065 * 512 = 8225280 bytes
		Sector size (logical/physical): 512 bytes / 512 bytes
		I/O size (minimum/optimal): 512 bytes / 512 bytes
		Disk identifier: 0x00078f9c
		
		    Device Boot      Start         End      Blocks   Id  System
		/dev/xvda1   *           1        2611    20970496   83  Linux
		
		Disk /dev/xvdb: 5368 MB, 5368709120 bytes
		255 heads, 63 sectors/track, 652 cylinders
		Units = cylinders of 16065 * 512 = 8225280 bytes
		Sector size (logical/physical): 512 bytes / 512 bytes
		I/O size (minimum/optimal): 512 bytes / 512 bytes
		Disk identifier: 0x00000000
		
我们能看见上面硬盘

		Disk /dev/xvdb: 5368 MB, 5368709120 bytes
		
#### 对数据盘进行分区

执行

		[root@iZ94ebqp9jtZ /]# fdisk -S 56 /dev/xvdb
		
根据提示,依次输入"`n`"，"`p`","`1`",两次回车,"wq",分区就开始了.

		Device contains neither a valid DOS partition table, nor Sun, SGI or OSF disklabel
		Building a new DOS disklabel with disk identifier 0x452bd090.
		Changes will remain in memory only, until you decide to write them.
		After that, of course, the previous content won't be recoverable.
		
		Warning: invalid flag 0x0000 of partition table 4 will be corrected by w(rite)
		
		WARNING: DOS-compatible mode is deprecated. It's strongly recommended to
		         switch off the mode (command 'c') and change display units to
		         sectors (command 'u').
		
		Command (m for help): n
		Command action
		   e   extended
		   p   primary partition (1-4)
		p
		Partition number (1-4): 1
		First cylinder (1-734, default 1):
		Using default value 1
		Last cylinder, +cylinders or +size{K,M,G} (1-734, default 734):
		Using default value 734
		
		Command (m for help): wq
		The partition table has been altered!
		
		Calling ioctl() to re-read partition table.
		Syncing disks.
		
#### 查看新的分区

		[root@iZ94ebqp9jtZ /]# fdisk -l
		Disk /dev/xvda: 21.5 GB, 21474836480 bytes
		255 heads, 63 sectors/track, 2610 cylinders
		Units = cylinders of 16065 * 512 = 8225280 bytes
		Sector size (logical/physical): 512 bytes / 512 bytes
		I/O size (minimum/optimal): 512 bytes / 512 bytes
		Disk identifier: 0x00078f9c
		
		    Device Boot      Start         End      Blocks   Id  System
		/dev/xvda1   *           1        2611    20970496   83  Linux
		
		Disk /dev/xvdb: 5368 MB, 5368709120 bytes
		255 heads, 56 sectors/track, 734 cylinders
		Units = cylinders of 14280 * 512 = 7311360 bytes
		Sector size (logical/physical): 512 bytes / 512 bytes
		I/O size (minimum/optimal): 512 bytes / 512 bytes
		Disk identifier: 0x452bd090
		
		    Device Boot      Start         End      Blocks   Id  System
		/dev/xvdb1               1         734     5240732   83  Linux
		
#### 格式化新分区

使用"`mkfs.ext4 /dev/xvdb1`"命令对新分区进行格式化,格式化的时间根据硬盘大小有所不同.

		[root@iZ94ebqp9jtZ /]# mkfs.ext4 /dev/xvdb1
		mke2fs 1.41.12 (17-May-2010)
		文件系统标签=
		操作系统:Linux
		块大小=4096 (log=2)
		分块大小=4096 (log=2)
		Stride=0 blocks, Stripe width=0 blocks
		327680 inodes, 1310183 blocks
		65509 blocks (5.00%) reserved for the super user
		第一个数据块=0
		Maximum filesystem blocks=1342177280
		40 block groups
		32768 blocks per group, 32768 fragments per group
		8192 inodes per group
		Superblock backups stored on blocks:
			32768, 98304, 163840, 229376, 294912, 819200, 884736
		
		正在写入inode表: 完成
		Creating journal (32768 blocks): 完成
		Writing superblocks and filesystem accounting information: 完成
		
		This filesystem will be automatically checked every 31 mounts or
		180 days, whichever comes first.  Use tune2fs -c or -i to override.
		
#### 添加分区信息

记得要先创建挂载的目录,这里是`/data`

		echo '/dev/xvdb1 /data ext4 defaults 0 0' >> /etc/fstab
		[root@iZ94ebqp9jtZ /]# cat /etc/fstab
		tmpfs                   /dev/shm                tmpfs   defaults        0 0
		devpts                  /dev/pts                devpts  gid=5,mode=620  0 0
		sysfs                   /sys                    sysfs   defaults        0 0
		proc                    /proc                   proc    defaults        0 0
		/dev/xvdb1		/data			ext4 	defaults 	0 0
		
#### 挂载新分区

`mount -a`是自动挂载`/etc/fstab`里面的东西

		[root@iZ94ebqp9jtZ /]# mount -a
		[root@iZ94ebqp9jtZ /]# df -h
		Filesystem      Size  Used Avail Use% Mounted on
		/dev/xvda1       20G  4.5G   15G  24% /
		tmpfs           498M     0  498M   0% /dev/shm
		/dev/xvdb1      5.0G  139M  4.6G   3% /data
		